Raspberry Pi configuration: red LED: 5; green LED: 26; button: 19
Raspberry Pi LCD driver for a 16x2 display (4-bit wiring) 
Press ENTER to continue: --------------------- 
>> Version 5: arbitrary number of dimensions with 12 digits and 6 sequence length
>> HAMM_ASM version: Hamming distance in ARM Assembler
--------------------- 
1 1 1 1 2 3 
1 2 1 1 2 3 
1 3 1 1 2 3 
1 4 1 1 2 3 
1 5 1 1 2 3 
1 6 1 1 2 3 
1 7 1 1 2 3 
1 8 1 1 2 3 
1 9 1 1 2 3 
1 10 1 1 2 3 
1 11 1 1 2 3 
1 12 1 1 2 3 
1 1 1 1 2 3 
1 1 2 1 2 3 
1 1 3 1 2 3 
1 1 4 1 2 3 
1 1 5 1 2 3 
1 1 6 1 2 3 
1 1 7 1 2 3 
1 1 8 1 2 3 
1 1 9 1 2 3 
1 1 10 1 2 3 
1 1 11 1 2 3 
1 1 12 1 2 3 
1 1 1 1 2 3 
1 1 1 2 2 3 
1 1 1 3 2 3 
1 1 1 4 2 3 
1 1 1 5 2 3 
1 1 1 6 2 3 
1 1 1 7 2 3 
1 1 1 8 2 3 
1 1 1 9 2 3 
1 1 1 10 2 3 
1 1 1 11 2 3 
1 1 1 12 2 3 
1 1 1 1 1 3 
1 1 1 1 2 3 
1 1 1 1 3 3 
1 1 1 1 4 3 
1 1 1 1 5 3 
1 1 1 1 6 3 
1 1 1 1 7 3 
1 1 1 1 8 3 
1 1 1 1 9 3 
1 1 1 1 10 3 
1 1 1 1 11 3 
1 1 1 1 12 3 
1 1 1 1 2 1 
1 1 1 1 2 2 
1 1 1 1 2 3 
1 1 1 1 2 4 
1 1 1 1 2 5 
1 1 1 1 2 6 
1 1 1 1 2 7 
1 1 1 1 2 8 
1 1 1 1 2 9 
1 1 1 1 2 10 
1 1 1 1 2 11 
1 1 1 1 2 12 
1 1 1 1 2 3 
1 1 2 1 2 3 
1 1 3 1 2 3 
1 1 4 1 2 3 
1 1 5 1 2 3 
1 1 6 1 2 3 
1 1 7 1 2 3 
1 1 8 1 2 3 
1 1 9 1 2 3 
1 1 10 1 2 3 
1 1 11 1 2 3 
1 1 12 1 2 3 
1 1 1 1 2 3 
1 1 1 2 2 3 
1 1 1 3 2 3 
1 1 1 4 2 3 
1 1 1 5 2 3 
1 1 1 6 2 3 
1 1 1 7 2 3 
1 1 1 8 2 3 
1 1 1 9 2 3 
1 1 1 10 2 3 
1 1 1 11 2 3 
1 1 1 12 2 3 
1 1 1 1 1 3 
1 1 1 1 2 3 
1 1 1 1 3 3 
1 1 1 1 4 3 
1 1 1 1 5 3 
1 1 1 1 6 3 
1 1 1 1 7 3 
1 1 1 1 8 3 
1 1 1 1 9 3 
1 1 1 1 10 3 
1 1 1 1 11 3 
1 1 1 1 12 3 
1 1 1 1 2 1 
1 1 1 1 2 2 
1 1 1 1 2 3 
1 1 1 1 2 4 
1 1 1 1 2 5 
1 1 1 1 2 6 
1 1 1 1 2 7 
1 1 1 1 2 8 
1 1 1 1 2 9 
1 1 1 1 2 10 
1 1 1 1 2 11 
1 1 1 1 2 12 
1 1 1 1 2 3 
1 1 1 2 2 3 
1 1 1 3 2 3 
1 1 1 4 2 3 
1 1 1 5 2 3 
1 1 1 6 2 3 
1 1 1 7 2 3 
1 1 1 8 2 3 
1 1 1 9 2 3 
1 1 1 10 2 3 
1 1 1 11 2 3 
1 1 1 12 2 3 
1 1 1 1 1 3 
1 1 1 1 2 3 
1 1 1 1 3 3 
1 1 1 1 4 3 
1 1 1 1 5 3 
1 1 1 1 6 3 
1 1 1 1 7 3 
1 1 1 1 8 3 
1 1 1 1 9 3 
1 1 1 1 10 3 
1 1 1 1 11 3 
1 1 1 1 12 3 
1 1 1 1 2 1 
1 1 1 1 2 2 
1 1 1 1 2 3 
1 1 1 1 2 4 
1 1 1 1 2 5 
1 1 1 1 2 6 
1 1 1 1 2 7 
1 1 1 1 2 8 
1 1 1 1 2 9 
1 1 1 1 2 10 
1 1 1 1 2 11 
1 1 1 1 2 12 
1 1 1 1 1 3 
1 1 1 1 2 3 
1 1 1 1 3 3 
1 1 1 1 4 3 
1 1 1 1 5 3 
1 1 1 1 6 3 
1 1 1 1 7 3 
1 1 1 1 8 3 
1 1 1 1 9 3 
1 1 1 1 10 3 
1 1 1 1 11 3 
1 1 1 1 12 3 
1 1 1 1 2 1 
1 1 1 1 2 2 
1 1 1 1 2 3 
1 1 1 1 2 4 
1 1 1 1 2 5 
1 1 1 1 2 6 
1 1 1 1 2 7 
1 1 1 1 2 8 
1 1 1 1 2 9 
1 1 1 1 2 10 
1 1 1 1 2 11 
1 1 1 1 2 12 
1 1 1 1 1 1 
1 1 1 1 1 2 
1 1 1 1 1 3 
1 1 1 1 1 4 
1 1 1 1 1 5 
1 1 1 1 1 6 
1 1 1 1 1 7 
1 1 1 1 1 8 
1 1 1 1 1 9 
1 1 1 1 1 10 
1 1 1 1 1 11 
1 1 1 1 1 12 
Runtime; 0.001946 secs
Sequence not found
Exhaustive search finished for 12 digits and 6 seqlen (expect 2985984):
180 attempts (found at 0 i.e. 0.00 %), 180 submits
Secret sequence was: Contents of the sequence (of length 6):  1 2 3 1 2 3
